Activating ESP-IDF 5.5
Setting IDF_PATH to '/Users/jimcochran-miller/esp-idf-v5.5.5'.
* Checking python version ... 3.14.6
* Checking python dependencies ... OK
* Deactivating the current ESP-IDF environment (if any) ... OK
* Establishing a new ESP-IDF environment ... OK
* Identifying shell ... bash
* Detecting outdated tools in system ... OK - no outdated tools found
* Shell completion ... Autocompletion code generated
Executing action: all (aliases: build)
Running ninja in directory /Users/jimcochran-miller/est3-metasys-gateway/firmware/build
Executing "ninja all"...
[0/1] Re-running CMake...
-- Component directory /Users/jimcochran-miller/esp-idf-v5.5.5/components/esp_blockdev does not contain a CMakeLists.txt file. No component will be added
-- Minimal build - OFF
-- Building ESP-IDF components for target esp32p4
NOTICE: Skipping optional dependency: espressif/usb
NOTICE: Processing 3 dependencies:
NOTICE: [1/3] espressif/usb_host_cdc_acm (2.3.0)
NOTICE: [2/3] espressif/usb_host_ftdi_vcp (2.1.1)
NOTICE: [3/3] idf (5.5.5)
-- ESP-TEE is currently supported only on the esp32c6;esp32h2;esp32c5 SoCs
NOTICE: Skipping optional dependency: espressif/usb
-- Project sdkconfig file /Users/jimcochran-miller/est3-metasys-gateway/firmware/sdkconfig
Loading defaults file /Users/jimcochran-miller/est3-metasys-gateway/firmware/sdkconfig.defaults...
-- Detecting C compiler ABI info
-- Detecting C compiler ABI info - done
-- Detecting CXX compiler ABI info
-- Detecting CXX compiler ABI info - done
-- Detecting C compiler ABI info
-- Detecting C compiler ABI info - done
-- Detecting CXX compiler ABI info
-- Detecting CXX compiler ABI info - done
-- Detecting C compiler ABI info
-- Detecting C compiler ABI info - done
-- Detecting CXX compiler ABI info
-- Detecting CXX compiler ABI info - done
-- Adding linker script /Users/jimcochran-miller/esp-idf-v5.5.5/components/riscv/ld/rom.api.ld
-- USING O3
-- App "est3_gateway_rxonly" version: 0.1.4
-- Adding linker script /Users/jimcochran-miller/est3-metasys-gateway/firmware/build/esp-idf/esp_system/ld/memory.ld
-- Adding linker script /Users/jimcochran-miller/est3-metasys-gateway/firmware/build/esp-idf/esp_system/ld/sections.ld.in
-- Adding linker script /Users/jimcochran-miller/esp-idf-v5.5.5/components/esp_rom/esp32p4/ld/esp32p4.rom.ld
-- Adding linker script /Users/jimcochran-miller/esp-idf-v5.5.5/components/esp_rom/esp32p4/ld/esp32p4.rom.api.ld
-- Adding linker script /Users/jimcochran-miller/esp-idf-v5.5.5/components/esp_rom/esp32p4/ld/esp32p4.rom.rvfp.ld
-- Adding linker script /Users/jimcochran-miller/esp-idf-v5.5.5/components/esp_rom/esp32p4/ld/esp32p4.rom.wdt.ld
-- Adding linker script /Users/jimcochran-miller/esp-idf-v5.5.5/components/esp_rom/esp32p4/ld/esp32p4.rom.systimer.ld
-- Adding linker script /Users/jimcochran-miller/esp-idf-v5.5.5/components/esp_rom/esp32p4/ld/esp32p4.rom.version.ld
-- Adding linker script /Users/jimcochran-miller/esp-idf-v5.5.5/components/esp_rom/esp32p4/ld/esp32p4.rom.libc.ld
-- Adding linker script /Users/jimcochran-miller/esp-idf-v5.5.5/components/esp_rom/esp32p4/ld/esp32p4.rom.newlib.ld
-- Adding linker script /Users/jimcochran-miller/esp-idf-v5.5.5/components/soc/esp32p4/ld/esp32p4.peripherals.ld
-- Components: app_trace app_update bacnet_gateway bootloader bootloader_support bt cmock console cxx driver efuse esp-tls esp_adc esp_app_format esp_bootloader_format esp_coex esp_common esp_driver_ana_cmpr esp_driver_bitscrambler esp_driver_cam esp_driver_dac esp_driver_gpio esp_driver_gptimer esp_driver_i2c esp_driver_i2s esp_driver_isp esp_driver_jpeg esp_driver_ledc esp_driver_mcpwm esp_driver_parlio esp_driver_pcnt esp_driver_ppa esp_driver_rmt esp_driver_sdio esp_driver_sdm esp_driver_sdmmc esp_driver_sdspi esp_driver_spi esp_driver_touch_sens esp_driver_tsens esp_driver_twai esp_driver_uart esp_driver_usb_serial_jtag esp_eth esp_event esp_gdbstub esp_hal_ieee802154 esp_hid esp_http_client esp_http_server esp_https_ota esp_https_server esp_hw_support esp_lcd esp_local_ctrl esp_mm esp_netif esp_netif_stack esp_partition esp_phy esp_pm esp_psram esp_ringbuf esp_rom esp_security esp_system esp_timer esp_vfs_console esp_wifi espcoredump espressif__usb_host_cdc_acm espressif__usb_host_ftdi_vcp esptool_py fatfs freertos gateway_core hal heap http_parser idf_test ieee802154 json log lwip main mbedtls mqtt newlib nvs_flash nvs_sec_provider openthread partition_table protobuf-c protocomm pthread riscv rt sdmmc soc spi_flash spiffs tcp_transport ulp unity usb vfs wear_levelling wifi_provisioning wpa_supplicant
-- Component paths: /Users/jimcochran-miller/esp-idf-v5.5.5/components/app_trace /Users/jimcochran-miller/esp-idf-v5.5.5/components/app_update /Users/jimcochran-miller/est3-metasys-gateway/firmware/components/bacnet_gateway /Users/jimcochran-miller/esp-idf-v5.5.5/components/bootloader /Users/jimcochran-miller/esp-idf-v5.5.5/components/bootloader_support /Users/jimcochran-miller/esp-idf-v5.5.5/components/bt /Users/jimcochran-miller/esp-idf-v5.5.5/components/cmock /Users/jimcochran-miller/esp-idf-v5.5.5/components/console /Users/jimcochran-miller/esp-idf-v5.5.5/components/cxx /Users/jimcochran-miller/esp-idf-v5.5.5/components/driver /Users/jimcochran-miller/esp-idf-v5.5.5/components/efuse /Users/jimcochran-miller/esp-idf-v5.5.5/components/esp-tls /Users/jimcochran-miller/esp-idf-v5.5.5/components/esp_adc /Users/jimcochran-miller/esp-idf-v5.5.5/components/esp_app_format /Users/jimcochran-miller/esp-idf-v5.5.5/components/esp_bootloader_format /Users/jimcochran-miller/esp-idf-v5.5.5/components/esp_coex /Users/jimcochran-miller/esp-idf-v5.5.5/components/esp_common /Users/jimcochran-miller/esp-idf-v5.5.5/components/esp_driver_ana_cmpr /Users/jimcochran-miller/esp-idf-v5.5.5/components/esp_driver_bitscrambler /Users/jimcochran-miller/esp-idf-v5.5.5/components/esp_driver_cam /Users/jimcochran-miller/esp-idf-v5.5.5/components/esp_driver_dac /Users/jimcochran-miller/esp-idf-v5.5.5/components/esp_driver_gpio /Users/jimcochran-miller/esp-idf-v5.5.5/components/esp_driver_gptimer /Users/jimcochran-miller/esp-idf-v5.5.5/components/esp_driver_i2c /Users/jimcochran-miller/esp-idf-v5.5.5/components/esp_driver_i2s /Users/jimcochran-miller/esp-idf-v5.5.5/components/esp_driver_isp /Users/jimcochran-miller/esp-idf-v5.5.5/components/esp_driver_jpeg /Users/jimcochran-miller/esp-idf-v5.5.5/components/esp_driver_ledc /Users/jimcochran-miller/esp-idf-v5.5.5/components/esp_driver_mcpwm /Users/jimcochran-miller/esp-idf-v5.5.5/components/esp_driver_parlio /Users/jimcochran-miller/esp-idf-v5.5.5/components/esp_driver_pcnt /Users/jimcochran-miller/esp-idf-v5.5.5/components/esp_driver_ppa /Users/jimcochran-miller/esp-idf-v5.5.5/components/esp_driver_rmt /Users/jimcochran-miller/esp-idf-v5.5.5/components/esp_driver_sdio /Users/jimcochran-miller/esp-idf-v5.5.5/components/esp_driver_sdm /Users/jimcochran-miller/esp-idf-v5.5.5/components/esp_driver_sdmmc /Users/jimcochran-miller/esp-idf-v5.5.5/components/esp_driver_sdspi /Users/jimcochran-miller/esp-idf-v5.5.5/components/esp_driver_spi /Users/jimcochran-miller/esp-idf-v5.5.5/components/esp_driver_touch_sens /Users/jimcochran-miller/esp-idf-v5.5.5/components/esp_driver_tsens /Users/jimcochran-miller/esp-idf-v5.5.5/components/esp_driver_twai /Users/jimcochran-miller/esp-idf-v5.5.5/components/esp_driver_uart /Users/jimcochran-miller/esp-idf-v5.5.5/components/esp_driver_usb_serial_jtag /Users/jimcochran-miller/esp-idf-v5.5.5/components/esp_eth /Users/jimcochran-miller/esp-idf-v5.5.5/components/esp_event /Users/jimcochran-miller/esp-idf-v5.5.5/components/esp_gdbstub /Users/jimcochran-miller/esp-idf-v5.5.5/components/esp_hal_ieee802154 /Users/jimcochran-miller/esp-idf-v5.5.5/components/esp_hid /Users/jimcochran-miller/esp-idf-v5.5.5/components/esp_http_client /Users/jimcochran-miller/esp-idf-v5.5.5/components/esp_http_server /Users/jimcochran-miller/esp-idf-v5.5.5/components/esp_https_ota /Users/jimcochran-miller/esp-idf-v5.5.5/components/esp_https_server /Users/jimcochran-miller/esp-idf-v5.5.5/components/esp_hw_support /Users/jimcochran-miller/esp-idf-v5.5.5/components/esp_lcd /Users/jimcochran-miller/esp-idf-v5.5.5/components/esp_local_ctrl /Users/jimcochran-miller/esp-idf-v5.5.5/components/esp_mm /Users/jimcochran-miller/esp-idf-v5.5.5/components/esp_netif /Users/jimcochran-miller/esp-idf-v5.5.5/components/esp_netif_stack /Users/jimcochran-miller/esp-idf-v5.5.5/components/esp_partition /Users/jimcochran-miller/esp-idf-v5.5.5/components/esp_phy /Users/jimcochran-miller/esp-idf-v5.5.5/components/esp_pm /Users/jimcochran-miller/esp-idf-v5.5.5/components/esp_psram /Users/jimcochran-miller/esp-idf-v5.5.5/components/esp_ringbuf /Users/jimcochran-miller/esp-idf-v5.5.5/components/esp_rom /Users/jimcochran-miller/esp-idf-v5.5.5/components/esp_security /Users/jimcochran-miller/esp-idf-v5.5.5/components/esp_system /Users/jimcochran-miller/esp-idf-v5.5.5/components/esp_timer /Users/jimcochran-miller/esp-idf-v5.5.5/components/esp_vfs_console /Users/jimcochran-miller/esp-idf-v5.5.5/components/esp_wifi /Users/jimcochran-miller/esp-idf-v5.5.5/components/espcoredump /Users/jimcochran-miller/est3-metasys-gateway/firmware/managed_components/espressif__usb_host_cdc_acm /Users/jimcochran-miller/est3-metasys-gateway/firmware/managed_components/espressif__usb_host_ftdi_vcp /Users/jimcochran-miller/esp-idf-v5.5.5/components/esptool_py /Users/jimcochran-miller/esp-idf-v5.5.5/components/fatfs /Users/jimcochran-miller/esp-idf-v5.5.5/components/freertos /Users/jimcochran-miller/est3-metasys-gateway/firmware/components/gateway_core /Users/jimcochran-miller/esp-idf-v5.5.5/components/hal /Users/jimcochran-miller/esp-idf-v5.5.5/components/heap /Users/jimcochran-miller/esp-idf-v5.5.5/components/http_parser /Users/jimcochran-miller/esp-idf-v5.5.5/components/idf_test /Users/jimcochran-miller/esp-idf-v5.5.5/components/ieee802154 /Users/jimcochran-miller/esp-idf-v5.5.5/components/json /Users/jimcochran-miller/esp-idf-v5.5.5/components/log /Users/jimcochran-miller/esp-idf-v5.5.5/components/lwip /Users/jimcochran-miller/est3-metasys-gateway/firmware/main /Users/jimcochran-miller/esp-idf-v5.5.5/components/mbedtls /Users/jimcochran-miller/esp-idf-v5.5.5/components/mqtt /Users/jimcochran-miller/esp-idf-v5.5.5/components/newlib /Users/jimcochran-miller/esp-idf-v5.5.5/components/nvs_flash /Users/jimcochran-miller/esp-idf-v5.5.5/components/nvs_sec_provider /Users/jimcochran-miller/esp-idf-v5.5.5/components/openthread /Users/jimcochran-miller/esp-idf-v5.5.5/components/partition_table /Users/jimcochran-miller/esp-idf-v5.5.5/components/protobuf-c /Users/jimcochran-miller/esp-idf-v5.5.5/components/protocomm /Users/jimcochran-miller/esp-idf-v5.5.5/components/pthread /Users/jimcochran-miller/esp-idf-v5.5.5/components/riscv /Users/jimcochran-miller/esp-idf-v5.5.5/components/rt /Users/jimcochran-miller/esp-idf-v5.5.5/components/sdmmc /Users/jimcochran-miller/esp-idf-v5.5.5/components/soc /Users/jimcochran-miller/esp-idf-v5.5.5/components/spi_flash /Users/jimcochran-miller/esp-idf-v5.5.5/components/spiffs /Users/jimcochran-miller/esp-idf-v5.5.5/components/tcp_transport /Users/jimcochran-miller/esp-idf-v5.5.5/components/ulp /Users/jimcochran-miller/esp-idf-v5.5.5/components/unity /Users/jimcochran-miller/esp-idf-v5.5.5/components/usb /Users/jimcochran-miller/esp-idf-v5.5.5/components/vfs /Users/jimcochran-miller/esp-idf-v5.5.5/components/wear_levelling /Users/jimcochran-miller/esp-idf-v5.5.5/components/wifi_provisioning /Users/jimcochran-miller/esp-idf-v5.5.5/components/wpa_supplicant
-- Configuring done (5.2s)
-- Generating done (0.4s)
-- Build files have been written to: /Users/jimcochran-miller/est3-metasys-gateway/firmware/build
[1/16] Performing build step for 'bootloader'
[1/1] cd /Users/jimcochran-miller/est3-metasys-gateway/firmware/build/bootloader/esp-idf/esptool_py && /Users/jimcochran-miller/.espressif/python_env/idf5.5_py3.14_env/bin/python /Users/jimcochran-miller/esp-idf-v5.5.5/components/partition_table/check_sizes.py --offset 0x8000 bootloader 0x2000 /Users/jimcochran-miller/est3-metasys-gateway/firmware/build/bootloader/bootloader.bin
Bootloader binary size 0x5a60 bytes. 0x5a0 bytes (6%) free.
[2/16] Building C object esp-idf/esp_app_format/CMakeFiles/__idf_esp_app_format.dir/esp_app_desc.c.obj
[3/16] No install step for 'bootloader'
[4/16] Completed 'bootloader'
[5/16] Linking C static library esp-idf/esp_app_format/libesp_app_format.a
[6/16] Building C object esp-idf/main/CMakeFiles/__idf_main.dir/serial_diagnostics.c.obj
[7/16] Building C object esp-idf/main/CMakeFiles/__idf_main.dir/serial_rx.c.obj
[8/16] Building C object esp-idf/main/CMakeFiles/__idf_main.dir/telemetry.c.obj
[9/16] Building C object esp-idf/main/CMakeFiles/__idf_main.dir/app_main.c.obj
[10/16] Building C object esp-idf/main/CMakeFiles/__idf_main.dir/management.c.obj
[11/16] Linking C static library esp-idf/main/libmain.a
[12/16] Generating esp-idf/esp_system/ld/sections.ld
[13/16] Linking CXX executable est3_gateway_rxonly.elf
[14/16] Generating binary image from built executable
esptool.py v4.12.0
Creating esp32p4 image...
Merged 4 ELF sections
Successfully created esp32p4 image.
Generated /Users/jimcochran-miller/est3-metasys-gateway/firmware/build/est3_gateway_rxonly.bin
[15/16] cd /Users/jimcochran-miller/est3-metasys-gateway/firmware/build/esp-idf/esptool_py && /Users/jimcochran-miller/.espressif/python_env/idf5.5_py3.14_env/bin/python /Users/jimcochran-miller/esp-idf-v5.5.5/components/partition_table/check_sizes.py --offset 0x8000 partition --type app /Users/jimcochran-miller/est3-metasys-gateway/firmware/build/partition_table/partition-table.bin /Users/jimcochran-miller/est3-metasys-gateway/firmware/build/est3_gateway_rxonly.bin
est3_gateway_rxonly.bin binary size 0xe4520 bytes. Smallest app partition is 0x500000 bytes. 0x41bae0 bytes (82%) free.

Project build complete. To flash, run:
 idf.py flash
or
 idf.py -p PORT flash
or
 python -m esptool --chip esp32p4 -b 460800 --before default_reset --after hard_reset write_flash --flash_mode dio --flash_size 32MB --flash_freq 40m 0x2000 firmware/build/bootloader/bootloader.bin 0x8000 firmware/build/partition_table/partition-table.bin 0xf000 firmware/build/ota_data_initial.bin 0x20000 firmware/build/est3_gateway_rxonly.bin
or from the "/Users/jimcochran-miller/est3-metasys-gateway/firmware/build" directory
 python -m esptool --chip esp32p4 -b 460800 --before default_reset --after hard_reset write_flash "@flash_args"
