esptool.py v4.12.0
Serial port /dev/cu.usbmodem5B910667991
Connecting....
Chip is ESP32-P4 (revision v1.3)
Features: High-Performance MCU
Crystal is 40MHz
MAC: e8:f6:0a:e4:1f:e8
Uploading stub...
Running stub...
Stub running...
Changing baud rate to 921600
Changed.
Configuring flash size...
Flash will be erased from 0x00002000 to 0x00007fff...
Flash will be erased from 0x00008000 to 0x00008fff...
Flash will be erased from 0x00009000 to 0x0000efff...
Flash will be erased from 0x0000f000 to 0x00010fff...
Flash will be erased from 0x00020000 to 0x000f7fff...
Flash will be erased from 0x00a20000 to 0x00d1ffff...
SHA digest in image updated
Compressed 23136 bytes to 14372...
Writing at 0x00002000... (100 %)
Wrote 23136 bytes (14372 compressed) at 0x00002000 in 0.4 seconds (effective 437.6 kbit/s)...
Hash of data verified.
Compressed 3072 bytes to 156...
Writing at 0x00008000... (100 %)
Wrote 3072 bytes (156 compressed) at 0x00008000 in 0.1 seconds (effective 424.3 kbit/s)...
Hash of data verified.
Compressed 24576 bytes to 47...
Writing at 0x00009000... (100 %)
Wrote 24576 bytes (47 compressed) at 0x00009000 in 0.2 seconds (effective 918.9 kbit/s)...
Hash of data verified.
Compressed 8192 bytes to 31...
Writing at 0x0000f000... (100 %)
Wrote 8192 bytes (31 compressed) at 0x0000f000 in 0.1 seconds (effective 762.6 kbit/s)...
Hash of data verified.
Compressed 882432 bytes to 463999...
Writing at 0x00020000... (3 %)
Writing at 0x0002d0fe... (6 %)
Writing at 0x0003a1c8... (10 %)
Writing at 0x00043064... (13 %)
Writing at 0x0004a8d9... (17 %)
Writing at 0x00051a0d... (20 %)
Writing at 0x00058cd8... (24 %)
Writing at 0x000604b1... (27 %)
Writing at 0x00068733... (31 %)
Writing at 0x0006f6be... (34 %)
Writing at 0x00076377... (37 %)
Writing at 0x0007dd0e... (41 %)
Writing at 0x00085a28... (44 %)
Writing at 0x0008cab5... (48 %)
Writing at 0x00093397... (51 %)
Writing at 0x0009a8bb... (55 %)
Writing at 0x000a18bc... (58 %)
Writing at 0x000a83e6... (62 %)
Writing at 0x000af6bb... (65 %)
Writing at 0x000b5b98... (68 %)
Writing at 0x000bcafb... (72 %)
Writing at 0x000c3539... (75 %)
Writing at 0x000c9d58... (79 %)
Writing at 0x000d0681... (82 %)
Writing at 0x000d788e... (86 %)
Writing at 0x000dd46a... (89 %)
Writing at 0x000e53ea... (93 %)
Writing at 0x000ec0cc... (96 %)
Writing at 0x000f37f8... (100 %)
Wrote 882432 bytes (463999 compressed) at 0x00020000 in 7.8 seconds (effective 901.7 kbit/s)...
Hash of data verified.
Compressed 3145728 bytes to 3071...
Writing at 0x00a20000... (100 %)
Wrote 3145728 bytes (3071 compressed) at 0x00a20000 in 16.1 seconds (effective 1567.4 kbit/s)...
Hash of data verified.

Leaving...
Hard resetting via RTS pin...
