Collecting fastapi
  Downloading fastapi-0.141.1-py3-none-any.whl.metadata (27 kB)
Collecting uvicorn
  Downloading uvicorn-0.54.0-py3-none-any.whl.metadata (6.6 kB)
Collecting httpx
  Downloading httpx-0.28.1-py3-none-any.whl.metadata (7.1 kB)
Collecting pytest
  Downloading pytest-9.1.1-py3-none-any.whl.metadata (7.6 kB)
Collecting bacpypes3
  Downloading bacpypes3-0.0.110-py3-none-any.whl.metadata (3.0 kB)
Collecting cryptography
  Using cached cryptography-50.0.1-cp311-abi3-macosx_11_0_arm64.whl.metadata (4.3 kB)
Collecting pymupdf
  Using cached pymupdf-1.28.2-cp310-abi3-macosx_11_0_arm64.whl.metadata (26 kB)
Collecting pypdf
  Downloading pypdf-6.19.0-py3-none-any.whl.metadata (7.5 kB)
Collecting pyserial
  Using cached pyserial-3.5-py2.py3-none-any.whl.metadata (1.6 kB)
Collecting starlette>=0.46.0 (from fastapi)
  Downloading starlette-1.7.0-py3-none-any.whl.metadata (6.6 kB)
Collecting pydantic>=2.9.0 (from fastapi)
  Using cached pydantic-2.13.5-py3-none-any.whl.metadata (110 kB)
Collecting typing-extensions>=4.8.0 (from fastapi)
  Using cached typing_extensions-4.16.0-py3-none-any.whl.metadata (3.3 kB)
Collecting typing-inspection>=0.4.2 (from fastapi)
  Using cached typing_inspection-0.4.4-py3-none-any.whl.metadata (2.6 kB)
Collecting annotated-doc>=0.0.2 (from fastapi)
  Downloading annotated_doc-0.0.5-py3-none-any.whl.metadata (6.5 kB)
Collecting click>=7.0 (from uvicorn)
  Using cached click-8.5.0-py3-none-any.whl.metadata (2.6 kB)
Collecting h11>=0.8 (from uvicorn)
  Downloading h11-0.16.0-py3-none-any.whl.metadata (8.3 kB)
Collecting anyio (from httpx)
  Downloading anyio-4.15.1-py3-none-any.whl.metadata (4.7 kB)
Collecting certifi (from httpx)
  Downloading certifi-2026.7.22-py3-none-any.whl.metadata (2.5 kB)
Collecting httpcore==1.* (from httpx)
  Downloading httpcore-1.0.9-py3-none-any.whl.metadata (21 kB)
Collecting idna (from httpx)
  Downloading idna-3.20-py3-none-any.whl.metadata (7.2 kB)
Collecting iniconfig>=1.0.1 (from pytest)
  Downloading iniconfig-2.3.0-py3-none-any.whl.metadata (2.5 kB)
Collecting packaging>=22 (from pytest)
  Using cached packaging-26.3-py3-none-any.whl.metadata (3.5 kB)
Collecting pluggy<2,>=1.5 (from pytest)
  Downloading pluggy-1.6.0-py3-none-any.whl.metadata (4.8 kB)
Collecting pygments>=2.7.2 (from pytest)
  Using cached pygments-2.21.0-py3-none-any.whl.metadata (2.5 kB)
Collecting cffi>=2.0.0 (from cryptography)
  Downloading cffi-2.1.1-cp313-cp313-macosx_11_0_arm64.whl.metadata (2.5 kB)
Collecting pycparser (from cffi>=2.0.0->cryptography)
  Using cached pycparser-3.0-py3-none-any.whl.metadata (8.2 kB)
Collecting annotated-types>=0.6.0 (from pydantic>=2.9.0->fastapi)
  Using cached annotated_types-0.8.0-py3-none-any.whl.metadata (15 kB)
Collecting pydantic-core==2.46.5 (from pydantic>=2.9.0->fastapi)
  Downloading pydantic_core-2.46.5-cp313-cp313-macosx_11_0_arm64.whl.metadata (6.6 kB)
Downloading fastapi-0.141.1-py3-none-any.whl (131 kB)
Downloading uvicorn-0.54.0-py3-none-any.whl (87 kB)
Downloading httpx-0.28.1-py3-none-any.whl (73 kB)
Downloading httpcore-1.0.9-py3-none-any.whl (78 kB)
Downloading pytest-9.1.1-py3-none-any.whl (386 kB)
Downloading pluggy-1.6.0-py3-none-any.whl (20 kB)
Downloading bacpypes3-0.0.110-py3-none-any.whl (277 kB)
Using cached cryptography-50.0.1-cp311-abi3-macosx_11_0_arm64.whl (4.0 MB)
Using cached pymupdf-1.28.2-cp310-abi3-macosx_11_0_arm64.whl (23.9 MB)
Downloading pypdf-6.19.0-py3-none-any.whl (395 kB)
Using cached pyserial-3.5-py2.py3-none-any.whl (90 kB)
Downloading annotated_doc-0.0.5-py3-none-any.whl (5.3 kB)
Downloading cffi-2.1.1-cp313-cp313-macosx_11_0_arm64.whl (184 kB)
Using cached click-8.5.0-py3-none-any.whl (125 kB)
Downloading h11-0.16.0-py3-none-any.whl (37 kB)
Downloading iniconfig-2.3.0-py3-none-any.whl (7.5 kB)
Using cached packaging-26.3-py3-none-any.whl (129 kB)
Using cached pydantic-2.13.5-py3-none-any.whl (472 kB)
Downloading pydantic_core-2.46.5-cp313-cp313-macosx_11_0_arm64.whl (1.9 MB)
   ━━━━━━━━━━━━━━━━━━━━━━━━━━━━━━━━━━━━━━━━ 1.9/1.9 MB 8.9 MB/s  0:00:00
Using cached annotated_types-0.8.0-py3-none-any.whl (13 kB)
Using cached pygments-2.21.0-py3-none-any.whl (1.3 MB)
Downloading starlette-1.7.0-py3-none-any.whl (78 kB)
Downloading anyio-4.15.1-py3-none-any.whl (132 kB)
Downloading idna-3.20-py3-none-any.whl (69 kB)
Using cached typing_extensions-4.16.0-py3-none-any.whl (45 kB)
Using cached typing_inspection-0.4.4-py3-none-any.whl (14 kB)
Downloading certifi-2026.7.22-py3-none-any.whl (136 kB)
Using cached pycparser-3.0-py3-none-any.whl (48 kB)
Installing collected packages: pyserial, typing-extensions, pypdf, pymupdf, pygments, pycparser, pluggy, packaging, iniconfig, idna, h11, click, certifi, bacpypes3, annotated-types, annotated-doc, uvicorn, typing-inspection, pytest, pydantic-core, httpcore, cffi, anyio, starlette, pydantic, httpx, cryptography, fastapi

Successfully installed annotated-doc-0.0.5 annotated-types-0.8.0 anyio-4.15.1 bacpypes3-0.0.110 certifi-2026.7.22 cffi-2.1.1 click-8.5.0 cryptography-50.0.1 fastapi-0.141.1 h11-0.16.0 httpcore-1.0.9 httpx-0.28.1 idna-3.20 iniconfig-2.3.0 packaging-26.3 pluggy-1.6.0 pycparser-3.0 pydantic-2.13.5 pydantic-core-2.46.5 pygments-2.21.0 pymupdf-1.28.2 pypdf-6.19.0 pyserial-3.5 pytest-9.1.1 starlette-1.7.0 typing-extensions-4.16.0 typing-inspection-0.4.4 uvicorn-0.54.0

[notice] A new release of pip is available: 26.1.2 -> 26.2.1
[notice] To update, run: /Users/jimcochran-miller/est3-metasys-gateway/.venv/bin/python -m pip install --upgrade pip
